
### File existence
PASS exists: docs/ARCH/SDD.md
PASS exists: docs/ARCH/ADR-0007-program-binaries-nojit-rt-path.md
PASS exists: src/opencl/raw/opencl-raw-api.ads
PASS exists: src/opencl/core/opencl-core-programs.ads
PASS exists: src/opencl/core/opencl-core-programs.adb
PASS exists: tests/smoke/smoke_program_binary_roundtrip.adb
PASS exists: tests/tests.gpr
PASS exists: tools/run_smoke.sh

### SDD Program binaries/no-JIT text
$ rg -n -i program binaries|no-jit docs/ARCH/SDD.md
176:## 16. Program binaries (RT path preliminar)
177:**Objetivo:** Definir estrategia no-JIT para perfil RT/EW usando programas
207:- En mision EW/RT: politica no-JIT (sin build from source en runtime).
[exit_code=0]

### ADR-0007 binaries/no-JIT text
$ rg -n -i binaries|no-jit docs/ARCH/ADR-0007-program-binaries-nojit-rt-path.md
1:# ADR-0007: Program Binaries No-JIT RT Path
16:Para RT/EW se requiere una ruta estable no-JIT con artefactos controlados.
40:- Rechazada: no cumple objetivos RT/EW de no-JIT y control determinista.
46:- Rechazada: contradice politica no-JIT en mision.
[exit_code=0]

### Raw API symbols
$ rg -n CL_PROGRAM_BINARY_SIZES|CL_PROGRAM_BINARIES|clCreateProgramWithBinary|clGetProgramInfo src/opencl/raw/opencl-raw-api.ads
164:   CL_PROGRAM_BINARY_SIZES : constant cl_program_info := 16#1165#;
165:   CL_PROGRAM_BINARIES : constant cl_program_info := 16#1166#;
322:   function clCreateProgramWithBinary
333:     External_Name => "clCreateProgramWithBinary";
347:   function clGetProgramInfo
356:     External_Name => "clGetProgramInfo";
[exit_code=0]

### Core Programs API symbols
$ rg -n Binary_Size|Get_Binary|Create_From_Binary src/opencl/core/opencl-core-programs.ads src/opencl/core/opencl-core-programs.adb
src/opencl/core/opencl-core-programs.ads:38:   procedure Binary_Size
src/opencl/core/opencl-core-programs.ads:43:   procedure Get_Binary
src/opencl/core/opencl-core-programs.ads:49:   procedure Create_From_Binary
src/opencl/core/opencl-core-programs.adb:309:   procedure Binary_Size
src/opencl/core/opencl-core-programs.adb:344:   end Binary_Size;
src/opencl/core/opencl-core-programs.adb:346:   procedure Get_Binary
src/opencl/core/opencl-core-programs.adb:369:      Binary_Size
src/opencl/core/opencl-core-programs.adb:401:   end Get_Binary;
src/opencl/core/opencl-core-programs.adb:403:   procedure Create_From_Binary
src/opencl/core/opencl-core-programs.adb:477:   end Create_From_Binary;
[exit_code=0]

### tests.gpr main includes binary roundtrip
$ rg -n smoke_program_binary_roundtrip(\.adb)? tests/tests.gpr
14:      "smoke_program_binary_roundtrip.adb");
[exit_code=0]

### run_smoke binary roundtrip + POCL cache
$ rg -n smoke_program_binary_roundtrip|POCL_CACHE_DIR tools/run_smoke.sh
17:if [ -z "${POCL_CACHE_DIR:-}" ]; then
18:  export POCL_CACHE_DIR="${REPO_ROOT}/.pocl_kcache"
19:  mkdir -p "${POCL_CACHE_DIR}"
46:  echo "pocl_cache_dir=${POCL_CACHE_DIR:-<unset>}"
55:SMOKE_PROGRAM_BINARY_ROUNDTRIP_EXEC="$(find_smoke_executable "smoke_program_binary_roundtrip")"
92:    echo "ERROR missing smoke executable: smoke_program_binary_roundtrip"
109:  echo "smoke_program_binary_roundtrip_executable=${SMOKE_PROGRAM_BINARY_ROUNDTRIP_EXEC}"
130:run_and_log_smoke "smoke_program_binary_roundtrip" "${SMOKE_PROGRAM_BINARY_ROUNDTRIP_EXEC}" || OVERALL_RC=$?
[exit_code=0]
