gprbuild: "smoke_platforms" up to date
gprbuild: "smoke_core" up to date
gprbuild: "gen_pack_add1" up to date
gprbuild: "gen_pack_ew_mlp" up to date
gprbuild: "smoke_rt_load_pack_add1" up to date
gprbuild: "smoke_rt_load_pack_ew_mlp" up to date
gprbuild: "smoke_rt_negative_cases" up to date
gprbuild: "smoke_rt_fs_attack_cases" up to date
gprbuild: "smoke_rt_pack_symlink_escape" up to date
gprbuild: "smoke_rt_toctou_manifest_swap" up to date
gprbuild: "smoke_rt_toctou_binary_swap" up to date
gprbuild: "smoke_rt_signature_enforcement" up to date
gprbuild: "smoke_rt_signature_plugin" up to date
gprbuild: "smoke_crypto_provider_conformance" up to date
gprbuild: "smoke_rt_strict_policy" up to date
gprbuild: "smoke_rt_build_options_policy" up to date
gprbuild: "smoke_rt_no_heap_after_init" up to date
gprbuild: "smoke_rt_anti_rollback" up to date
gprbuild: "smoke_rt_untrusted_plugin" up to date
gprbuild: "smoke_rt_plugin_allowlist_policy" up to date
gprbuild: "smoke_constant_time_compare" up to date
gprbuild: "smoke_fuzz_kpack_parser" up to date
gprbuild: "bench_add1" up to date
gprbuild: "bench_pipeline_h2d_kernel_d2h" up to date
gprbuild: "bench_rt_pack_add1" up to date
gprbuild: "bench_rt_pack_ew_mlp" up to date
gprbuild: "bench_transfers_h2d_d2h" up to date
gprbuild: "bench_batching_add1" up to date
gprbuild: "demo_ew_mlp" up to date
gprbuild: "smoke_buffer_roundtrip" up to date
gprbuild: "smoke_image_roundtrip" up to date
gprbuild: "smoke_kernel_add1" up to date
gprbuild: "smoke_ew_mlp_inference" up to date
gprbuild: "smoke_program_il_path" up to date
gprbuild: "smoke_pack_catalog_selection" up to date
gprbuild: "smoke_program_binaries_multi_device" up to date
gprbuild: "smoke_program_binaries_subdevices" up to date
gprbuild: "smoke_program_binary_roundtrip" up to date
