$ ls -R
.:
INTERNAL_GUIDELINES.md
README.md
docs
obj
opencl_wrapper.gpr
src
tests
tools

./docs:
ADR
ARCH
CM
PM
REQ
VV

./docs/ADR:
OCLW-ADR-0002-build-skeleton-gprbuild.md
OCLW-ADR-0003-thin-ffi-platform-device-enumeration.md

./docs/ARCH:
ADR-0001-baseline-opencl-1.2.md
ADR-0002-ffi-abi-mapping.md
ADR-0003-opaque-handle-mapping.md
SDD.md

./docs/CM:
SCMP.md

./docs/PM:
Risk_Register.md

./docs/REQ:
SRS.md

./docs/VV:
Execution_Logs
SVVP.md
Smoke_Test_Design.md

./docs/VV/Execution_Logs:
2026-02-09_OCLW-TST-0001_smoke.md
2026-02-09_OCLW-TST-0002_smoke_platforms.md
2026-02-09_build_smoke.log
2026-02-09_build_smoke_after_devops.log
2026-02-09_ffi_smoke_build.log
GATES
README.md
local

./docs/VV/Execution_Logs/GATES:
G0

./docs/VV/Execution_Logs/GATES/G0:
01_repo_layout.log
02_gprbuild_version.log
03_gcc_version.log
04_gnatls_version.log
05_build_tests.log
06_smoke_run.log
G0_Report.md
rerun_01
rerun_02
rerun_03
rerun_04

./docs/VV/Execution_Logs/GATES/G0/rerun_01:
01_repo_layout.log
02_toolchain.log
03_build.log
04_smoke.log
G0_Report.md

./docs/VV/Execution_Logs/GATES/G0/rerun_02:
01_repo_layout.log
02_toolchain.log
03_build.log
04_smoke.log
G0_Report.md

./docs/VV/Execution_Logs/GATES/G0/rerun_03:
01_repo_layout.log
02_toolchain.log
03_build.log
04_smoke.log
G0_Report.md

./docs/VV/Execution_Logs/GATES/G0/rerun_04:
01_repo_layout.log

./docs/VV/Execution_Logs/local:
20260209T034752Z_build.log
20260209T034755Z_build.log
20260209T034805Z_build.log

./obj:
opencl-raw-api.ads.stderr
opencl-raw-api.ads.stdout
opencl-raw-api.ali
opencl-raw-api.o
opencl-raw.ads.stderr
opencl-raw.ads.stdout
opencl-raw.ali
opencl-raw.o
opencl.adb.stderr
opencl.adb.stdout
opencl.ads.stderr
opencl.ads.stdout
opencl.ali
opencl.o

./src:
opencl

./src/opencl:
opencl.ads
raw

./src/opencl/raw:
opencl-raw-api.ads
opencl-raw.ads

./tests:
bin
obj
oclw_tst_0001_smoke.adb
smoke
tests.gpr

./tests/bin:
smoke_platforms

./tests/obj:
b__smoke_platforms.adb
b__smoke_platforms.ads
b__smoke_platforms.ali
b__smoke_platforms.o
smoke_platforms.adb.stderr
smoke_platforms.adb.stdout
smoke_platforms.ali
smoke_platforms.bexch
smoke_platforms.o

./tests/smoke:
smoke_platforms.adb

./tools:
build.sh
run_smoke.sh
