timestamp_utc_iso=2026-02-18T21:47:17Z
timestamp_utc_compact=20260218T214717Z
head=1d7acd3ad94d580249f0a9444940ddb706c2d858

## git status --short
?? docs/VV/Execution_Logs/GATES/G12/

## uname -a
Linux tangodelta 6.14.0-37-generic #37~24.04.1-Ubuntu SMP PREEMPT_DYNAMIC Thu Nov 20 10:25:38 UTC 2 x86_64 x86_64 x86_64 GNU/Linux

## gprbuild --version
GPRBUILD Pro 18.0w (19940713) (x86_64-linux-gnu)
Copyright (C) 2004-2016, AdaCore
This is free software; see the source for copying conditions.
See your AdaCore support agreement for details of warranty and support.
If you do not have a current support agreement, then there is absolutely
no warranty; not even for MERCHANTABILITY or FITNESS FOR A PARTICULAR
PURPOSE.


## gnatls -v

GNATLS 13.3.0
Copyright (C) 1997-2023, Free Software Foundation, Inc.

Source Search Path:
   <Current_Directory>
   /usr/lib/gcc/x86_64-linux-gnu/13/adainclude


Object Search Path:
   <Current_Directory>
   /usr/lib/gcc/x86_64-linux-gnu/13/adalib


Project Search Path:
   <Current_Directory>
   /usr/x86_64-linux-gnu/lib/gnat
   /usr/x86_64-linux-gnu/share/gpr
   /usr/share/gpr
   /usr/lib/gnat


## gcc -v (first 20 lines)
Using built-in specs.
COLLECT_GCC=gcc
COLLECT_LTO_WRAPPER=/usr/libexec/gcc/x86_64-linux-gnu/13/lto-wrapper
OFFLOAD_TARGET_NAMES=nvptx-none:amdgcn-amdhsa
OFFLOAD_TARGET_DEFAULT=1
Target: x86_64-linux-gnu
Configured with: ../src/configure -v --with-pkgversion='Ubuntu 13.3.0-6ubuntu2~24.04' --with-bugurl=file:///usr/share/doc/gcc-13/README.Bugs --enable-languages=c,ada,c++,go,d,fortran,objc,obj-c++,m2 --prefix=/usr --with-gcc-major-version-only --program-suffix=-13 --program-prefix=x86_64-linux-gnu- --enable-shared --enable-linker-build-id --libexecdir=/usr/libexec --without-included-gettext --enable-threads=posix --libdir=/usr/lib --enable-nls --enable-bootstrap --enable-clocale=gnu --enable-libstdcxx-debug --enable-libstdcxx-time=yes --with-default-libstdcxx-abi=new --enable-libstdcxx-backtrace --enable-gnu-unique-object --disable-vtable-verify --enable-plugin --enable-default-pie --with-system-zlib --enable-libphobos-checking=release --with-target-system-zlib=auto --enable-objc-gc=auto --enable-multiarch --disable-werror --enable-cet --with-arch-32=i686 --with-abi=m64 --with-multilib-list=m32,m64,mx32 --enable-multilib --with-tune=generic --enable-offload-targets=nvptx-none=/build/gcc-13-fG75Ri/gcc-13-13.3.0/debian/tmp-nvptx/usr,amdgcn-amdhsa=/build/gcc-13-fG75Ri/gcc-13-13.3.0/debian/tmp-gcn/usr --enable-offload-defaulted --without-cuda-driver --enable-checking=release --build=x86_64-linux-gnu --host=x86_64-linux-gnu --target=x86_64-linux-gnu --with-build-config=bootstrap-lto-lean --enable-link-serialization=2
Thread model: posix
Supported LTO compression algorithms: zlib zstd
gcc version 13.3.0 (Ubuntu 13.3.0-6ubuntu2~24.04) 
