target=/tmp/oclw_g12_target_20260218T214717Z
dr-xr-xr-x 7 tangodelta tangodelta 4096 Feb 18 22:47 /tmp/oclw_g12_target_20260218T214717Z
-r--r--r-- 1 tangodelta tangodelta     0 Feb 18 22:47 /tmp/oclw_g12_target_20260218T214717Z/oclw_rt_bundle_20260218T214717Z/logs/build_opencl_wrapper.log
-r--r--r-- 1 tangodelta tangodelta     0 Feb 18 22:47 /tmp/oclw_g12_target_20260218T214717Z/pack_signed/crypto_plugin_build.log
-r--r--r-- 1 tangodelta tangodelta     0 Feb 18 22:47 /tmp/oclw_g12_target_20260218T214717Z/pack_strict/crypto_plugin_build.log
-r--r--r-- 1 tangodelta tangodelta   212 Feb 18 22:47 /tmp/oclw_g12_target_20260218T214717Z/oclw_rt_bundle_20260218T214717Z/BUNDLE_INFO.txt
-r--r--r-- 1 tangodelta tangodelta   293 Feb 18 22:47 /tmp/oclw_g12_target_20260218T214717Z/pack_signed/gen_pack_add1.log
-r--r--r-- 1 tangodelta tangodelta   293 Feb 18 22:47 /tmp/oclw_g12_target_20260218T214717Z/pack_strict/gen_pack_add1.log
-r--r--r-- 1 tangodelta tangodelta   401 Feb 18 22:47 /tmp/oclw_g12_target_20260218T214717Z/oclw_rt_bundle_20260218T214717Z/logs/gen_pack_add1.log
-r--r--r-- 1 tangodelta tangodelta   543 Feb 18 22:47 /tmp/oclw_g12_target_20260218T214717Z/oclw_rt_bundle_20260218T214717Z/logs/build_tests.log
-r--r--r-- 1 tangodelta tangodelta   624 Feb 18 22:47 /tmp/oclw_g12_target_20260218T214717Z/oclw_rt_bundle_20260218T214717Z/example_pack/manifest.kpack
-r--r--r-- 1 tangodelta tangodelta   624 Feb 18 22:47 /tmp/oclw_g12_target_20260218T214717Z/pack_unsigned/manifest.kpack
-r--r--r-- 1 tangodelta tangodelta   659 Feb 18 22:47 /tmp/oclw_g12_target_20260218T214717Z/pack_signed/manifest.kpack
-r--r--r-- 1 tangodelta tangodelta   666 Feb 18 22:47 /tmp/oclw_g12_target_20260218T214717Z/pack_strict/manifest.kpack
-r--r--r-- 1 tangodelta tangodelta  1008 Feb 18 22:47 /tmp/oclw_g12_target_20260218T214717Z/oclw_rt_bundle_20260218T214717Z/CHECKSUMS.sha256
-r--r--r-- 1 tangodelta tangodelta 48593 Feb 18 22:47 /tmp/oclw_g12_target_20260218T214717Z/pack_signed/program.bin
-r--r--r-- 1 tangodelta tangodelta 48593 Feb 18 22:47 /tmp/oclw_g12_target_20260218T214717Z/pack_strict/program.bin
-r--r--r-- 1 tangodelta tangodelta 48593 Feb 18 22:47 /tmp/oclw_g12_target_20260218T214717Z/pack_unsigned/program.bin
-r--r--r-- 1 tangodelta tangodelta 62055 Feb 18 22:47 /tmp/oclw_g12_target_20260218T214717Z/oclw_rt_bundle_20260218T214717Z/example_pack/program.bin
-r-xr-xr-x 1 tangodelta tangodelta 15904 Feb 18 22:47 /tmp/oclw_g12_target_20260218T214717Z/lib/liboclw_crypto_provider_ref.so
dr-xr-xr-x 2 tangodelta tangodelta  4096 Feb 18 22:47 /tmp/oclw_g12_target_20260218T214717Z/lib
dr-xr-xr-x 2 tangodelta tangodelta  4096 Feb 18 22:47 /tmp/oclw_g12_target_20260218T214717Z/oclw_rt_bundle_20260218T214717Z/docs/ARCH
dr-xr-xr-x 2 tangodelta tangodelta  4096 Feb 18 22:47 /tmp/oclw_g12_target_20260218T214717Z/oclw_rt_bundle_20260218T214717Z/docs/CM
dr-xr-xr-x 2 tangodelta tangodelta  4096 Feb 18 22:47 /tmp/oclw_g12_target_20260218T214717Z/oclw_rt_bundle_20260218T214717Z/docs/OPS
dr-xr-xr-x 2 tangodelta tangodelta  4096 Feb 18 22:47 /tmp/oclw_g12_target_20260218T214717Z/oclw_rt_bundle_20260218T214717Z/example_pack
dr-xr-xr-x 2 tangodelta tangodelta  4096 Feb 18 22:47 /tmp/oclw_g12_target_20260218T214717Z/oclw_rt_bundle_20260218T214717Z/logs
dr-xr-xr-x 2 tangodelta tangodelta  4096 Feb 18 22:47 /tmp/oclw_g12_target_20260218T214717Z/pack_signed
dr-xr-xr-x 2 tangodelta tangodelta  4096 Feb 18 22:47 /tmp/oclw_g12_target_20260218T214717Z/pack_strict
dr-xr-xr-x 2 tangodelta tangodelta  4096 Feb 18 22:47 /tmp/oclw_g12_target_20260218T214717Z/pack_unsigned
dr-xr-xr-x 5 tangodelta tangodelta  4096 Feb 18 22:47 /tmp/oclw_g12_target_20260218T214717Z/oclw_rt_bundle_20260218T214717Z
dr-xr-xr-x 5 tangodelta tangodelta  4096 Feb 18 22:47 /tmp/oclw_g12_target_20260218T214717Z/oclw_rt_bundle_20260218T214717Z/docs
dr-xr-xr-x 7 tangodelta tangodelta  4096 Feb 18 22:47 /tmp/oclw_g12_target_20260218T214717Z
