docs/VV/Execution_Logs/GATES/G12/rerun_01/00_context.log
docs/VV/Execution_Logs/GATES/G12/rerun_01/01_opencl_env.log
docs/VV/Execution_Logs/GATES/G12/rerun_01/02_build.log
docs/VV/Execution_Logs/GATES/G12/rerun_01/03_preflight.log
docs/VV/Execution_Logs/GATES/G12/rerun_01/04_bundle_build.log
docs/VV/Execution_Logs/GATES/G12/rerun_01/05_bundle_list.log
docs/VV/Execution_Logs/GATES/G12/rerun_01/06_target_layout.log
docs/VV/Execution_Logs/GATES/G12/rerun_01/07_pocl_cache.log
docs/VV/Execution_Logs/GATES/G12/rerun_01/08_plugin_build.log
docs/VV/Execution_Logs/GATES/G12/rerun_01/09_plugin_perms.log
docs/VV/Execution_Logs/GATES/G12/rerun_01/10_gen_pack_unsigned.log
docs/VV/Execution_Logs/GATES/G12/rerun_01/10_manifest_unsigned_head.log
docs/VV/Execution_Logs/GATES/G12/rerun_01/11_rt_load_unsigned.log
docs/VV/Execution_Logs/GATES/G12/rerun_01/12_rt_signature_plugin.log
docs/VV/Execution_Logs/GATES/G12/rerun_01/13_rt_strict_policy_normal.log
docs/VV/Execution_Logs/GATES/G12/rerun_01/14_rt_strict_policy_poison_env.log
docs/VV/Execution_Logs/GATES/G12/rerun_01/15_rt_untrusted_plugin.log
docs/VV/Execution_Logs/GATES/G12/rerun_01/16_rt_load_ro_sim.log
docs/VV/Execution_Logs/GATES/G12/rerun_01/16_target_perms_after_ro.log
docs/VV/Execution_Logs/GATES/G12/rerun_01/17_key_extracts.log
docs/VV/Execution_Logs/GATES/G12/rerun_01/18_files_created.log
docs/VV/Execution_Logs/GATES/G12/rerun_01/Acceptance_Report.md
