# G34 doc checks
timestamp_utc=2026-02-19T18:42:15Z
git_head=bdac2e785fc1934bfad826572b8b397ac9e4cb37

## Required reports
PASS exists: docs/VV/Execution_Logs/GATES/G31/rerun_01/G31_Report.md
PASS exists: docs/VV/Execution_Logs/GATES/G32/rerun_01/G32_Report.md
PASS exists: docs/VV/Execution_Logs/GATES/G33/rerun_01/G33_Report.md

## Required docs
PASS exists: docs/ARCH/Threat_Model_RT_Packs.md
PASS exists: docs/REQ/Traceability.md
PASS exists: docs/VV/Smoke_Test_Design.md

## Threat model CLOSED evidence
48:| TM-G1 | **CLOSED**. Cobertura de path traversal/symlink cerrada por smoke dedicado en RT strict. | Riesgo mitigado en baseline actual (G31). | Evidencia: `docs/VV/Execution_Logs/GATES/G31/rerun_01/G31_Report.md` (`smoke_rt_pack_symlink_escape RESULT=PASS`). |
49:| TM-G2 | **CLOSED**. Cobertura TOCTOU cerrada con smokes deterministas de swap en manifest y binario. | Riesgo mitigado en baseline actual (G32). | Evidencia: `docs/VV/Execution_Logs/GATES/G32/rerun_01/G32_Report.md` (`smoke_rt_toctou_manifest_swap` y `smoke_rt_toctou_binary_swap` con `RESULT=PASS`). |
50:| TM-G3 | **CLOSED**. Politica de allowlist + permisos del plugin validada en RT strict. | Riesgo mitigado en baseline actual (G33). | Evidencia: `docs/VV/Execution_Logs/GATES/G33/rerun_01/G33_Report.md` (`smoke_rt_plugin_allowlist_policy RESULT=PASS`). |

## Threat model lines (context)
48:| TM-G1 | **CLOSED**. Cobertura de path traversal/symlink cerrada por smoke dedicado en RT strict. | Riesgo mitigado en baseline actual (G31). | Evidencia: `docs/VV/Execution_Logs/GATES/G31/rerun_01/G31_Report.md` (`smoke_rt_pack_symlink_escape RESULT=PASS`). |
49:| TM-G2 | **CLOSED**. Cobertura TOCTOU cerrada con smokes deterministas de swap en manifest y binario. | Riesgo mitigado en baseline actual (G32). | Evidencia: `docs/VV/Execution_Logs/GATES/G32/rerun_01/G32_Report.md` (`smoke_rt_toctou_manifest_swap` y `smoke_rt_toctou_binary_swap` con `RESULT=PASS`). |
50:| TM-G3 | **CLOSED**. Politica de allowlist + permisos del plugin validada en RT strict. | Riesgo mitigado en baseline actual (G33). | Evidencia: `docs/VV/Execution_Logs/GATES/G33/rerun_01/G33_Report.md` (`smoke_rt_plugin_allowlist_policy RESULT=PASS`). |
66:1. `OCLW-TST-3001` (TM-G1) - P0  
67:2. `OCLW-TST-3002` (TM-G2) - P0  
68:3. `OCLW-TST-3003` (TM-G2) - P0  
69:4. `OCLW-TST-3004` (TM-G3) - P1  
78:- `docs/VV/Execution_Logs/GATES/G31/rerun_01/G31_Report.md`
79:- `docs/VV/Execution_Logs/GATES/G32/rerun_01/G32_Report.md`
80:- `docs/VV/Execution_Logs/GATES/G33/rerun_01/G33_Report.md`

## Traceability / Smoke design references
docs/VV/Smoke_Test_Design.md:39:## OCLW-TST-3001: `smoke_rt_pack_symlink_escape`
docs/VV/Smoke_Test_Design.md:63:## OCLW-TST-3002: `smoke_rt_toctou_manifest_swap`
docs/VV/Smoke_Test_Design.md:85:## OCLW-TST-3003: `smoke_rt_toctou_binary_swap`
docs/VV/Smoke_Test_Design.md:107:## OCLW-TST-3004: `smoke_rt_plugin_allowlist_policy`
docs/REQ/Traceability.md:274:- `docs/VV/Execution_Logs/GATES/G31/rerun_01/G31_Report.md`
docs/REQ/Traceability.md:275:- `docs/VV/Execution_Logs/GATES/G32/rerun_01/G32_Report.md`
docs/REQ/Traceability.md:276:- `docs/VV/Execution_Logs/GATES/G33/rerun_01/G33_Report.md`
docs/REQ/Traceability.md:284:| OCLW-REQ-0005 | RT strict fail-closed frente a symlink/path escape en pack artifacts | Test | OCLW-TST-3001 | `tests/smoke/smoke_rt_pack_symlink_escape.adb` | `docs/VV/Execution_Logs/GATES/G31/rerun_01/G31_Report.md` (`smoke_rt_pack_symlink_escape RESULT=PASS`) | PASS |
docs/REQ/Traceability.md:285:| OCLW-REQ-0005 | RT strict fail-closed ante TOCTOU de `manifest.kpack` | Test | OCLW-TST-3002 | `tests/smoke/smoke_rt_toctou_manifest_swap.adb` | `docs/VV/Execution_Logs/GATES/G32/rerun_01/G32_Report.md` (`smoke_rt_toctou_manifest_swap RESULT=PASS`) | PASS |
docs/REQ/Traceability.md:286:| OCLW-REQ-0005 | RT strict fail-closed ante TOCTOU de `program.bin` | Test | OCLW-TST-3003 | `tests/smoke/smoke_rt_toctou_binary_swap.adb` | `docs/VV/Execution_Logs/GATES/G32/rerun_01/G32_Report.md` (`smoke_rt_toctou_binary_swap RESULT=PASS`) | PASS |
docs/REQ/Traceability.md:287:| OCLW-REQ-0005 | Trusted crypto plugin policy (allowlist/perms/symlink rejection) en RT strict | Test | OCLW-TST-3004 | `tests/smoke/smoke_rt_plugin_allowlist_policy.adb` | `docs/VV/Execution_Logs/GATES/G33/rerun_01/G33_Report.md` (`smoke_rt_plugin_allowlist_policy RESULT=PASS`) | PASS |
