Compile
   [Ada]          smoke_platforms.adb
   [Ada]          smoke_core.adb
   [Ada]          gen_pack_add1.adb
   [Ada]          smoke_rt_load_pack_add1.adb
   [Ada]          smoke_rt_negative_cases.adb
   [Ada]          smoke_rt_fs_attack_cases.adb
   [Ada]          smoke_rt_pack_symlink_escape.adb
   [Ada]          smoke_rt_toctou_manifest_swap.adb
   [Ada]          smoke_rt_toctou_binary_swap.adb
   [Ada]          smoke_rt_signature_enforcement.adb
   [Ada]          smoke_rt_signature_plugin.adb
   [Ada]          smoke_crypto_provider_conformance.adb
   [Ada]          smoke_rt_strict_policy.adb
   [Ada]          smoke_rt_build_options_policy.adb
   [Ada]          smoke_rt_no_heap_after_init.adb
   [Ada]          smoke_rt_anti_rollback.adb
   [Ada]          smoke_rt_untrusted_plugin.adb
   [Ada]          smoke_rt_plugin_allowlist_policy.adb
   [Ada]          smoke_constant_time_compare.adb
   [Ada]          smoke_fuzz_kpack_parser.adb
   [Ada]          bench_add1.adb
   [Ada]          bench_pipeline_h2d_kernel_d2h.adb
   [Ada]          bench_rt_pack_add1.adb
   [Ada]          bench_transfers_h2d_d2h.adb
   [Ada]          bench_batching_add1.adb
   [Ada]          smoke_buffer_roundtrip.adb
   [Ada]          smoke_image_roundtrip.adb
   [Ada]          smoke_kernel_add1.adb
   [Ada]          smoke_program_il_path.adb
   [Ada]          smoke_pack_catalog_selection.adb
   [Ada]          smoke_program_binaries_multi_device.adb
   [Ada]          smoke_program_binaries_subdevices.adb
   [Ada]          smoke_program_binary_roundtrip.adb
   [Ada]          opencl-raw-api.ads
   [Ada]          opencl-core.adb
   [Ada]          opencl-errors.adb
   [Ada]          opencl-core-contexts.adb
   [Ada]          opencl-core-programs.adb
   [Ada]          opencl-core-queues.adb
   [Ada]          opencl-rt-hash.adb
   [Ada]          opencl-rt-packs.adb
   [Ada]          opencl-core-buffers.adb
   [Ada]          opencl-core-kernels.adb
   [Ada]          opencl-rt-loader.adb
   [Ada]          opencl-rt-fs.adb
   [Ada]          opencl-rt-fs-test_seam.adb
   [Ada]          opencl-rt-security.adb
   [Ada]          smoke_rt_test_verifier.adb
   [Ada]          smoke_rt_build_options_verifier.adb
   [Ada]          opencl-rt-memtrack.adb
   [Ada]          opencl-rt-constant_time.adb
   [Ada]          opencl-core-events.adb
   [Ada]          opencl-core-profiling.adb
   [Ada]          opencl-core-images.adb
   [Ada]          opencl-core-samplers.adb
   [Ada]          opencl-rt-catalog.adb
   [Ada]          opencl-core-device_selection.adb
   [Ada]          opencl-rt-policy.adb
   [Ada]          opencl-rt-rollback.adb
Bind
   [gprbind]      smoke_platforms.bexch
   [Ada]          smoke_platforms.ali
   [gprbind]      smoke_core.bexch
   [Ada]          smoke_core.ali
   [gprbind]      gen_pack_add1.bexch
   [Ada]          gen_pack_add1.ali
   [gprbind]      smoke_rt_load_pack_add1.bexch
   [Ada]          smoke_rt_load_pack_add1.ali
   [gprbind]      smoke_rt_negative_cases.bexch
   [Ada]          smoke_rt_negative_cases.ali
   [gprbind]      smoke_rt_fs_attack_cases.bexch
   [Ada]          smoke_rt_fs_attack_cases.ali
   [gprbind]      smoke_rt_pack_symlink_escape.bexch
   [Ada]          smoke_rt_pack_symlink_escape.ali
   [gprbind]      smoke_rt_toctou_manifest_swap.bexch
   [Ada]          smoke_rt_toctou_manifest_swap.ali
   [gprbind]      smoke_rt_toctou_binary_swap.bexch
   [Ada]          smoke_rt_toctou_binary_swap.ali
   [gprbind]      smoke_rt_signature_enforcement.bexch
   [Ada]          smoke_rt_signature_enforcement.ali
   [gprbind]      smoke_rt_signature_plugin.bexch
   [Ada]          smoke_rt_signature_plugin.ali
   [gprbind]      smoke_crypto_provider_conformance.bexch
   [Ada]          smoke_crypto_provider_conformance.ali
   [gprbind]      smoke_rt_strict_policy.bexch
   [Ada]          smoke_rt_strict_policy.ali
   [gprbind]      smoke_rt_build_options_policy.bexch
   [Ada]          smoke_rt_build_options_policy.ali
   [gprbind]      smoke_rt_no_heap_after_init.bexch
   [Ada]          smoke_rt_no_heap_after_init.ali
   [gprbind]      smoke_rt_anti_rollback.bexch
   [Ada]          smoke_rt_anti_rollback.ali
   [gprbind]      smoke_rt_untrusted_plugin.bexch
   [Ada]          smoke_rt_untrusted_plugin.ali
   [gprbind]      smoke_rt_plugin_allowlist_policy.bexch
   [Ada]          smoke_rt_plugin_allowlist_policy.ali
   [gprbind]      smoke_constant_time_compare.bexch
   [Ada]          smoke_constant_time_compare.ali
   [gprbind]      smoke_fuzz_kpack_parser.bexch
   [Ada]          smoke_fuzz_kpack_parser.ali
   [gprbind]      bench_add1.bexch
   [Ada]          bench_add1.ali
   [gprbind]      bench_pipeline_h2d_kernel_d2h.bexch
   [Ada]          bench_pipeline_h2d_kernel_d2h.ali
   [gprbind]      bench_rt_pack_add1.bexch
   [Ada]          bench_rt_pack_add1.ali
   [gprbind]      bench_transfers_h2d_d2h.bexch
   [Ada]          bench_transfers_h2d_d2h.ali
   [gprbind]      bench_batching_add1.bexch
   [Ada]          bench_batching_add1.ali
   [gprbind]      smoke_buffer_roundtrip.bexch
   [Ada]          smoke_buffer_roundtrip.ali
   [gprbind]      smoke_image_roundtrip.bexch
   [Ada]          smoke_image_roundtrip.ali
   [gprbind]      smoke_kernel_add1.bexch
   [Ada]          smoke_kernel_add1.ali
   [gprbind]      smoke_program_il_path.bexch
   [Ada]          smoke_program_il_path.ali
   [gprbind]      smoke_pack_catalog_selection.bexch
   [Ada]          smoke_pack_catalog_selection.ali
   [gprbind]      smoke_program_binaries_multi_device.bexch
   [Ada]          smoke_program_binaries_multi_device.ali
   [gprbind]      smoke_program_binaries_subdevices.bexch
   [Ada]          smoke_program_binaries_subdevices.ali
   [gprbind]      smoke_program_binary_roundtrip.bexch
   [Ada]          smoke_program_binary_roundtrip.ali
Link
   [link]         smoke_platforms.adb
   [link]         smoke_core.adb
   [link]         gen_pack_add1.adb
   [link]         smoke_rt_load_pack_add1.adb
   [link]         smoke_rt_negative_cases.adb
   [link]         smoke_rt_fs_attack_cases.adb
   [link]         smoke_rt_pack_symlink_escape.adb
   [link]         smoke_rt_toctou_manifest_swap.adb
   [link]         smoke_rt_toctou_binary_swap.adb
   [link]         smoke_rt_signature_enforcement.adb
   [link]         smoke_rt_signature_plugin.adb
   [link]         smoke_crypto_provider_conformance.adb
   [link]         smoke_rt_strict_policy.adb
   [link]         smoke_rt_build_options_policy.adb
   [link]         smoke_rt_no_heap_after_init.adb
   [link]         smoke_rt_anti_rollback.adb
   [link]         smoke_rt_untrusted_plugin.adb
   [link]         smoke_rt_plugin_allowlist_policy.adb
   [link]         smoke_constant_time_compare.adb
   [link]         smoke_fuzz_kpack_parser.adb
   [link]         bench_add1.adb
   [link]         bench_pipeline_h2d_kernel_d2h.adb
   [link]         bench_rt_pack_add1.adb
   [link]         bench_transfers_h2d_d2h.adb
   [link]         bench_batching_add1.adb
   [link]         smoke_buffer_roundtrip.adb
   [link]         smoke_image_roundtrip.adb
   [link]         smoke_kernel_add1.adb
   [link]         smoke_program_il_path.adb
   [link]         smoke_pack_catalog_selection.adb
   [link]         smoke_program_binaries_multi_device.adb
   [link]         smoke_program_binaries_subdevices.adb
   [link]         smoke_program_binary_roundtrip.adb
