$ ls -R
.:
AGENTS.md
README.md
docs
opencl_wrapper.gpr
src
tests
tools

./docs:
ADR
ARCH
CM
PM
REQ
VV

./docs/ADR:
OCLW-ADR-0002-build-skeleton-gprbuild.md
OCLW-ADR-0003-thin-ffi-platform-device-enumeration.md

./docs/ARCH:
ADR-0001-baseline-opencl-1.2.md
ADR-0002-ffi-abi-mapping.md
SDD.md

./docs/CM:
SCMP.md

./docs/PM:
Risk_Register.md

./docs/REQ:
SRS.md

./docs/VV:
Execution_Logs
SVVP.md
Smoke_Test_Design.md

./docs/VV/Execution_Logs:
2026-02-09_OCLW-TST-0001_smoke.md
2026-02-09_OCLW-TST-0002_smoke_platforms.md
2026-02-09_build_smoke.log
2026-02-09_build_smoke_after_devops.log
2026-02-09_ffi_smoke_build.log
GATES
README.md
local

./docs/VV/Execution_Logs/GATES:
G0

./docs/VV/Execution_Logs/GATES/G0:
01_repo_layout.log

./docs/VV/Execution_Logs/local:
20260209T034752Z_build.log
20260209T034755Z_build.log
20260209T034805Z_build.log

./src:
opencl

./src/opencl:
opencl.adb
opencl.ads
raw

./src/opencl/raw:
opencl-raw-api.ads
opencl-raw.ads

./tests:
oclw_tst_0001_smoke.adb
smoke
tests.gpr

./tests/smoke:
smoke_platforms.adb

./tools:
build.sh
run_smoke.sh
