bundle_archive=/home/tangodelta/opencl-ada-wrapper/dist/oclw_rt_bundle_20260218T203050Z.tar.gz
tar_list_top50_start
oclw_rt_bundle_20260218T203050Z/
oclw_rt_bundle_20260218T203050Z/docs/
oclw_rt_bundle_20260218T203050Z/docs/OPS/
oclw_rt_bundle_20260218T203050Z/docs/OPS/RT_Deployment_Guide.md
oclw_rt_bundle_20260218T203050Z/docs/CM/
oclw_rt_bundle_20260218T203050Z/docs/CM/SBOM_Minimal.md
oclw_rt_bundle_20260218T203050Z/docs/CM/Delivery_Content.md
oclw_rt_bundle_20260218T203050Z/docs/ARCH/
oclw_rt_bundle_20260218T203050Z/docs/ARCH/Crypto_Plugin_C_ABI_Contract.md
oclw_rt_bundle_20260218T203050Z/logs/
oclw_rt_bundle_20260218T203050Z/logs/gen_pack_add1.log
oclw_rt_bundle_20260218T203050Z/logs/build_tests.log
oclw_rt_bundle_20260218T203050Z/logs/build_opencl_wrapper.log
oclw_rt_bundle_20260218T203050Z/example_pack/
oclw_rt_bundle_20260218T203050Z/example_pack/manifest.kpack
oclw_rt_bundle_20260218T203050Z/example_pack/program.bin
oclw_rt_bundle_20260218T203050Z/CHECKSUMS.sha256
oclw_rt_bundle_20260218T203050Z/BUNDLE_INFO.txt
tar_list_top50_end
tar_rc=0
