# G8 Extracts

build_exit_code=0
run_exit_code=0

## smoke_rt_signature_enforcement
135:$ /home/tangodelta/opencl-ada-wrapper/tests/bin/smoke_rt_signature_enforcement
136:INFO pack_dir=/home/tangodelta/opencl-ada-wrapper/docs/VV/Execution_Logs/local/20260218T175750Z_kpack_add1
137:INFO manifest_path=/home/tangodelta/opencl-ada-wrapper/docs/VV/Execution_Logs/local/20260218T175750Z_kpack_add1/manifest.kpack
138:INFO binary_path=/home/tangodelta/opencl-ada-wrapper/docs/VV/Execution_Logs/local/20260218T175750Z_kpack_add1/program.bin
139:INFO verifier_mode=TEST-FNV1A32 (NOT CRYPTO)
140:INFO gen_pack_add1_return_code=0 log=/home/tangodelta/opencl-ada-wrapper/docs/VV/Execution_Logs/local/20260218T175750Z_kpack_add1/gen_pack_add1.log
141:INFO caseA=PASS expected=OCLW_SIGNATURE_NOT_IMPLEMENTED
142:INFO caseB=PASS
143:RESULT=PASS
144:smoke_rt_signature_enforcement_exit_code=0

## smoke_rt_signature_plugin
145:$ /home/tangodelta/opencl-ada-wrapper/tests/bin/smoke_rt_signature_plugin
146:INFO pack_dir=/home/tangodelta/opencl-ada-wrapper/docs/VV/Execution_Logs/local/20260218T175750Z_kpack_add1
147:INFO manifest_path=/home/tangodelta/opencl-ada-wrapper/docs/VV/Execution_Logs/local/20260218T175750Z_kpack_add1/manifest.kpack
148:INFO binary_path=/home/tangodelta/opencl-ada-wrapper/docs/VV/Execution_Logs/local/20260218T175750Z_kpack_add1/program.bin
149:INFO verifier_mode=REFERENCE_PLUGIN (NOT CRYPTO)
150:INFO plugin_build_return_code=0 log=/home/tangodelta/opencl-ada-wrapper/docs/VV/Execution_Logs/local/20260218T175750Z_kpack_add1/crypto_plugin_build.log
151:INFO gen_pack_add1_return_code=0 log=/home/tangodelta/opencl-ada-wrapper/docs/VV/Execution_Logs/local/20260218T175750Z_kpack_add1/gen_pack_add1.log
152:INFO oclw_crypto_plugin=/home/tangodelta/opencl-ada-wrapper/tools/crypto_provider_ref/liboclw_crypto_provider_ref.so
153:INFO oclw_crypto_symbol=oclw_kpack_verify_v1
154:INFO positive_case=PASS
155:INFO negative_case=PASS expected=OCLW_SIGNATURE_INVALID
156:RESULT=PASS
157:smoke_rt_signature_plugin_exit_code=0

## plugin_skip_reason_if_any
